<?xml version="1.0" encoding="utf-8"?><testsuites><testsuite name="pytest" errors="0" failures="0" skipped="0" tests="9" time="0.050" timestamp="2026-07-30T00:22:06.570169+05:00" hostname="bee2-VM"><testcase classname="test_calculator" name="test_is_number_valid" time="0.001" /><testcase classname="test_calculator" name="test_is_number_invalid" time="0.001" /><testcase classname="test_calculator" name="test_casting_int" time="0.001" /><testcase classname="test_calculator" name="test_casting_float" time="0.001" /><testcase classname="test_calculator" name="test_add" time="0.001" /><testcase classname="test_calculator" name="test_subtract" time="0.001" /><testcase classname="test_calculator" name="test_multiply" time="0.001" /><testcase classname="test_calculator" name="test_divide" time="0.001" /><testcase classname="test_calculator" name="test_divide_by_zero" time="0.001" /></testsuite></testsuites>